Traceback (most recent call last):
  File "/home/miguel/.local/lib/python3.12/site-packages/jupyter_cache/executors/utils.py", line 58, in single_nb_execution
    executenb(
  File "/home/miguel/.local/lib/python3.12/site-packages/nbclient/client.py", line 1319, in execute
    return NotebookClient(nb=nb, resources=resources, km=km, **kwargs).execute()
           ^^^^^^^^^^^^^^^^^^^^^^^^^^^^^^^^^^^^^^^^^^^^^^^^^^^^^^^^^^^^^^^^^^^^^
  File "/home/miguel/.local/lib/python3.12/site-packages/jupyter_core/utils/__init__.py", line 165, in wrapped
    return loop.run_until_complete(inner)
           ^^^^^^^^^^^^^^^^^^^^^^^^^^^^^^
  File "/usr/lib/python3.12/asyncio/base_events.py", line 687, in run_until_complete
    return future.result()
           ^^^^^^^^^^^^^^^
  File "/home/miguel/.local/lib/python3.12/site-packages/nbclient/client.py", line 709, in async_execute
    await self.async_execute_cell(
  File "/home/miguel/.local/lib/python3.12/site-packages/nbclient/client.py", line 1062, in async_execute_cell
    await self._check_raise_for_error(cell, cell_index, exec_reply)
  File "/home/miguel/.local/lib/python3.12/site-packages/nbclient/client.py", line 918, in _check_raise_for_error
    raise CellExecutionError.from_cell_and_msg(cell, exec_reply_content)
nbclient.exceptions.CellExecutionError: An error occurred while executing the following cell:
------------------
import pandas as pd
from sqlalchemy import create_engine
from sklearn.preprocessing import OrdinalEncoder, OneHotEncoder
from sklearn.linear_model import LogisticRegression
#import joblib

from sklearn.model_selection import cross_validate
from sklearn.model_selection import train_test_split, cross_val_predict
from sklearn.metrics import ConfusionMatrixDisplay, classification_report
from sklearn.metrics import make_scorer, RocCurveDisplay
import json

import os
from skopt import BayesSearchCV
from skopt.space import Real

#from imblearn.metrics import specificity_score
import matplotlib.pyplot as plt
import numpy as np 
------------------


[31m---------------------------------------------------------------------------[39m
[31mModuleNotFoundError[39m                       Traceback (most recent call last)
[36mCell[39m[36m [39m[32mIn[1][39m[32m, line 14[39m
[32m     11[39m [38;5;28;01mimport[39;00m[38;5;250m [39m[34;01mjson[39;00m
[32m     13[39m [38;5;28;01mimport[39;00m[38;5;250m [39m[34;01mos[39;00m
[32m---> [39m[32m14[39m [38;5;28;01mfrom[39;00m[38;5;250m [39m[34;01mskopt[39;00m[38;5;250m [39m[38;5;28;01mimport[39;00m BayesSearchCV
[32m     15[39m [38;5;28;01mfrom[39;00m[38;5;250m [39m[34;01mskopt[39;00m[34;01m.[39;00m[34;01mspace[39;00m[38;5;250m [39m[38;5;28;01mimport[39;00m Real
[32m     17[39m [38;5;66;03m#from imblearn.metrics import specificity_score[39;00m

[31mModuleNotFoundError[39m: No module named 'skopt'

