Traceback (most recent call last):
  File "/home/miguel/.local/lib/python3.12/site-packages/jupyter_cache/executors/utils.py", line 58, in single_nb_execution
    executenb(
  File "/home/miguel/.local/lib/python3.12/site-packages/nbclient/client.py", line 1319, in execute
    return NotebookClient(nb=nb, resources=resources, km=km, **kwargs).execute()
           ^^^^^^^^^^^^^^^^^^^^^^^^^^^^^^^^^^^^^^^^^^^^^^^^^^^^^^^^^^^^^^^^^^^^^
  File "/home/miguel/.local/lib/python3.12/site-packages/jupyter_core/utils/__init__.py", line 165, in wrapped
    return loop.run_until_complete(inner)
           ^^^^^^^^^^^^^^^^^^^^^^^^^^^^^^
  File "/usr/lib/python3.12/asyncio/base_events.py", line 687, in run_until_complete
    return future.result()
           ^^^^^^^^^^^^^^^
  File "/home/miguel/.local/lib/python3.12/site-packages/nbclient/client.py", line 709, in async_execute
    await self.async_execute_cell(
  File "/home/miguel/.local/lib/python3.12/site-packages/nbclient/client.py", line 1062, in async_execute_cell
    await self._check_raise_for_error(cell, cell_index, exec_reply)
  File "/home/miguel/.local/lib/python3.12/site-packages/nbclient/client.py", line 918, in _check_raise_for_error
    raise CellExecutionError.from_cell_and_msg(cell, exec_reply_content)
nbclient.exceptions.CellExecutionError: An error occurred while executing the following cell:
------------------
import pandas as pd
from sqlalchemy import create_engine
import os
import json
import ipywidgets as widgets
from IPython.display import display
import plotly.express as px


def load_credentials(path = "aws_rds_credentials.json"):
     with open(path, 'r') as file:
          config = json.load(file)

     # set up credentials
     for key in config.keys():
          os.environ[key] = config[key]

     return


load_credentials()

aws_rds_url = f"postgresql://{os.environ['user']}:{os.environ['password']}@{os.environ['host']}:{os.environ['port']}/{os.environ['database']}?sslmode=require"

# Load a sample dataset
def load_data():
    engine = create_engine(aws_rds_url)
    sql_query = f"""SELECT price_numeric, 
                         brand_title, 
                         size_title, 
                         user_id,
                         product_id,
                         catalog_id,
                         status
                    FROM public.tracking_staging
                    WHERE brand_title IN (
                    SELECT brand_title
                         FROM public.tracking_staging 
                         WHERE date >= CURRENT_DATE - INTERVAL '7 DAY'
                         GROUP BY price_numeric, brand_title
                         HAVING COUNT(DISTINCT(product_id)) > 30
                    )
                    LIMIT 10000;
                    """
    df = pd.read_sql(sql_query, engine)
    return (df)

data = load_data()
data.head(10)
------------------


[31m---------------------------------------------------------------------------[39m
[31mModuleNotFoundError[39m                       Traceback (most recent call last)
[36mCell[39m[36m [39m[32mIn[1][39m[32m, line 5[39m
[32m      3[39m [38;5;28;01mimport[39;00m[38;5;250m [39m[34;01mos[39;00m
[32m      4[39m [38;5;28;01mimport[39;00m[38;5;250m [39m[34;01mjson[39;00m
[32m----> [39m[32m5[39m [38;5;28;01mimport[39;00m[38;5;250m [39m[34;01mipywidgets[39;00m[38;5;250m [39m[38;5;28;01mas[39;00m[38;5;250m [39m[34;01mwidgets[39;00m
[32m      6[39m [38;5;28;01mfrom[39;00m[38;5;250m [39m[34;01mIPython[39;00m[34;01m.[39;00m[34;01mdisplay[39;00m[38;5;250m [39m[38;5;28;01mimport[39;00m display
[32m      7[39m [38;5;28;01mimport[39;00m[38;5;250m [39m[34;01mplotly[39;00m[34;01m.[39;00m[34;01mexpress[39;00m[38;5;250m [39m[38;5;28;01mas[39;00m[38;5;250m [39m[34;01mpx[39;00m

[31mModuleNotFoundError[39m: No module named 'ipywidgets'

