Traceback (most recent call last):
  File "/home/miguel/.local/lib/python3.12/site-packages/jupyter_cache/executors/utils.py", line 58, in single_nb_execution
    executenb(
  File "/home/miguel/.local/lib/python3.12/site-packages/nbclient/client.py", line 1319, in execute
    return NotebookClient(nb=nb, resources=resources, km=km, **kwargs).execute()
           ^^^^^^^^^^^^^^^^^^^^^^^^^^^^^^^^^^^^^^^^^^^^^^^^^^^^^^^^^^^^^^^^^^^^^
  File "/home/miguel/.local/lib/python3.12/site-packages/jupyter_core/utils/__init__.py", line 165, in wrapped
    return loop.run_until_complete(inner)
           ^^^^^^^^^^^^^^^^^^^^^^^^^^^^^^
  File "/usr/lib/python3.12/asyncio/base_events.py", line 687, in run_until_complete
    return future.result()
           ^^^^^^^^^^^^^^^
  File "/home/miguel/.local/lib/python3.12/site-packages/nbclient/client.py", line 709, in async_execute
    await self.async_execute_cell(
  File "/home/miguel/.local/lib/python3.12/site-packages/nbclient/client.py", line 1062, in async_execute_cell
    await self._check_raise_for_error(cell, cell_index, exec_reply)
  File "/home/miguel/.local/lib/python3.12/site-packages/nbclient/client.py", line 918, in _check_raise_for_error
    raise CellExecutionError.from_cell_and_msg(cell, exec_reply_content)
nbclient.exceptions.CellExecutionError: An error occurred while executing the following cell:
------------------
from utils.database import * 
from utils.utils import *
from utils.preprocessing import *
from utils.plotting import *
from utils.metrics import *
import numpy as np
import pandas as pd
import matplotlib.pyplot as plt
import lightgbm as lgb
from sklearn.model_selection import cross_val_score
from sklearn.model_selection import RepeatedKFold
import optuna
from optuna.samplers import TPESampler

# make training set 
train_index = 550
STEPS = 28

agg_levels = {
    'level_1': None,
}

daily_data = fetch_target()
daily_data = pivot_data(daily_data, "ettdeb")
train_agg = aggregation(daily_data, 
                        agg_levels=agg_levels).T
train_agg.plot(kind = "line")
train_agg = train_agg["Total"]
------------------


[31m---------------------------------------------------------------------------[39m
[31mModuleNotFoundError[39m                       Traceback (most recent call last)
[36mCell[39m[36m [39m[32mIn[1][39m[32m, line 1[39m
[32m----> [39m[32m1[39m [38;5;28;01mfrom[39;00m[38;5;250m [39m[34;01mutils[39;00m[34;01m.[39;00m[34;01mdatabase[39;00m[38;5;250m [39m[38;5;28;01mimport[39;00m * 
[32m      2[39m [38;5;28;01mfrom[39;00m[38;5;250m [39m[34;01mutils[39;00m[34;01m.[39;00m[34;01mutils[39;00m[38;5;250m [39m[38;5;28;01mimport[39;00m *
[32m      3[39m [38;5;28;01mfrom[39;00m[38;5;250m [39m[34;01mutils[39;00m[34;01m.[39;00m[34;01mpreprocessing[39;00m[38;5;250m [39m[38;5;28;01mimport[39;00m *

[31mModuleNotFoundError[39m: No module named 'utils'

